13-Oct-2025 00:04:01.078 INFO [main] org.apache.catalina.startup.VersionLoggerListener.log Server version name:   Apache Tomcat/9.0.93
13-Oct-2025 00:04:01.085 INFO [main] org.apache.catalina.startup.VersionLoggerListener.log Server built:          Aug 2 2024 21:24:59 UTC
13-Oct-2025 00:04:01.087 INFO [main] org.apache.catalina.startup.VersionLoggerListener.log Server version number: 9.0.93.0
13-Oct-2025 00:04:01.087 INFO [main] org.apache.catalina.startup.VersionLoggerListener.log OS Name:               Windows 11
13-Oct-2025 00:04:01.087 INFO [main] org.apache.catalina.startup.VersionLoggerListener.log OS Version:            10.0
13-Oct-2025 00:04:01.088 INFO [main] org.apache.catalina.startup.VersionLoggerListener.log Architecture:          amd64
13-Oct-2025 00:04:01.088 INFO [main] org.apache.catalina.startup.VersionLoggerListener.log Java Home:             C:\Program Files\Java\jdk-17
13-Oct-2025 00:04:01.089 INFO [main] org.apache.catalina.startup.VersionLoggerListener.log JVM Version:           17.0.12+8-LTS-286
13-Oct-2025 00:04:01.089 INFO [main] org.apache.catalina.startup.VersionLoggerListener.log JVM Vendor:            Oracle Corporation
13-Oct-2025 00:04:01.089 INFO [main] org.apache.catalina.startup.VersionLoggerListener.log CATALINA_BASE:         C:\Users\sande\Downloads\Vehicle-Management-System-Java-Servlet-main (2)\Vehicle-Management-System-Java-Servlet-main\Vehicle-Management-System-Java-Servlet-main\apache-tomcat-9.0.93
13-Oct-2025 00:04:01.090 INFO [main] org.apache.catalina.startup.VersionLoggerListener.log CATALINA_HOME:         C:\Users\sande\Downloads\Vehicle-Management-System-Java-Servlet-main (2)\Vehicle-Management-System-Java-Servlet-main\Vehicle-Management-System-Java-Servlet-main\apache-tomcat-9.0.93
13-Oct-2025 00:04:01.109 INFO [main] org.apache.catalina.startup.VersionLoggerListener.log Command line argument: --add-opens=java.base/java.lang=ALL-UNNAMED
13-Oct-2025 00:04:01.110 INFO [main] org.apache.catalina.startup.VersionLoggerListener.log Command line argument: --add-opens=java.base/java.io=ALL-UNNAMED
13-Oct-2025 00:04:01.111 INFO [main] org.apache.catalina.startup.VersionLoggerListener.log Command line argument: --add-opens=java.base/java.util=ALL-UNNAMED
13-Oct-2025 00:04:01.111 INFO [main] org.apache.catalina.startup.VersionLoggerListener.log Command line argument: --add-opens=java.base/java.util.concurrent=ALL-UNNAMED
13-Oct-2025 00:04:01.111 INFO [main] org.apache.catalina.startup.VersionLoggerListener.log Command line argument: --add-opens=java.rmi/sun.rmi.transport=ALL-UNNAMED
13-Oct-2025 00:04:01.112 INFO [main] org.apache.catalina.startup.VersionLoggerListener.log Command line argument: -Djava.util.logging.config.file=C:\Users\sande\Downloads\Vehicle-Management-System-Java-Servlet-main (2)\Vehicle-Management-System-Java-Servlet-main\Vehicle-Management-System-Java-Servlet-main\apache-tomcat-9.0.93\conf\logging.properties
13-Oct-2025 00:04:01.112 INFO [main] org.apache.catalina.startup.VersionLoggerListener.log Command line argument: -Djava.util.logging.manager=org.apache.juli.ClassLoaderLogManager
13-Oct-2025 00:04:01.112 INFO [main] org.apache.catalina.startup.VersionLoggerListener.log Command line argument: -Djdk.tls.ephemeralDHKeySize=2048
13-Oct-2025 00:04:01.113 INFO [main] org.apache.catalina.startup.VersionLoggerListener.log Command line argument: -Djava.protocol.handler.pkgs=org.apache.catalina.webresources
13-Oct-2025 00:04:01.113 INFO [main] org.apache.catalina.startup.VersionLoggerListener.log Command line argument: -Dignore.endorsed.dirs=
13-Oct-2025 00:04:01.113 INFO [main] org.apache.catalina.startup.VersionLoggerListener.log Command line argument: -Dcatalina.base=C:\Users\sande\Downloads\Vehicle-Management-System-Java-Servlet-main (2)\Vehicle-Management-System-Java-Servlet-main\Vehicle-Management-System-Java-Servlet-main\apache-tomcat-9.0.93
13-Oct-2025 00:04:01.113 INFO [main] org.apache.catalina.startup.VersionLoggerListener.log Command line argument: -Dcatalina.home=C:\Users\sande\Downloads\Vehicle-Management-System-Java-Servlet-main (2)\Vehicle-Management-System-Java-Servlet-main\Vehicle-Management-System-Java-Servlet-main\apache-tomcat-9.0.93
13-Oct-2025 00:04:01.113 INFO [main] org.apache.catalina.startup.VersionLoggerListener.log Command line argument: -Djava.io.tmpdir=C:\Users\sande\Downloads\Vehicle-Management-System-Java-Servlet-main (2)\Vehicle-Management-System-Java-Servlet-main\Vehicle-Management-System-Java-Servlet-main\apache-tomcat-9.0.93\temp
13-Oct-2025 00:04:01.120 INFO [main] org.apache.catalina.core.AprLifecycleListener.lifecycleEvent Loaded Apache Tomcat Native library [1.3.1] using APR version [1.7.4].
13-Oct-2025 00:04:01.121 INFO [main] org.apache.catalina.core.AprLifecycleListener.lifecycleEvent APR capabilities: IPv6 [true], sendfile [true], accept filters [false], random [true], UDS [true].
13-Oct-2025 00:04:01.121 INFO [main] org.apache.catalina.core.AprLifecycleListener.lifecycleEvent APR/OpenSSL configuration: useAprConnector [false], useOpenSSL [true]
13-Oct-2025 00:04:01.134 INFO [main] org.apache.catalina.core.AprLifecycleListener.initializeSSL OpenSSL successfully initialized [OpenSSL 3.0.14 4 Jun 2024]
13-Oct-2025 00:04:01.615 INFO [main] org.apache.coyote.AbstractProtocol.init Initializing ProtocolHandler ["http-nio-8080"]
13-Oct-2025 00:04:01.673 INFO [main] org.apache.catalina.startup.Catalina.load Server initialization in [951] milliseconds
13-Oct-2025 00:04:01.783 INFO [main] org.apache.catalina.core.StandardService.startInternal Starting service [Catalina]
13-Oct-2025 00:04:01.784 INFO [main] org.apache.catalina.core.StandardEngine.startInternal Starting Servlet engine: [Apache Tomcat/9.0.93]
13-Oct-2025 00:04:01.820 INFO [main] org.apache.catalina.startup.HostConfig.deployWAR Deploying web application archive [C:\Users\sande\Downloads\Vehicle-Management-System-Java-Servlet-main (2)\Vehicle-Management-System-Java-Servlet-main\Vehicle-Management-System-Java-Servlet-main\apache-tomcat-9.0.93\webapps\Vehicle.war]
13-Oct-2025 00:04:04.276 INFO [main] org.apache.jasper.servlet.TldScanner.scanJars At least one JAR was scanned for TLDs yet contained no TLDs. Enable debug logging for this logger for a complete list of JARs that were scanned but no TLDs were found in them. Skipping unneeded JARs during scanning can improve startup time and JSP compilation time.
13-Oct-2025 00:04:04.419 INFO [main] org.apache.catalina.startup.HostConfig.deployWAR Deployment of web application archive [C:\Users\sande\Downloads\Vehicle-Management-System-Java-Servlet-main (2)\Vehicle-Management-System-Java-Servlet-main\Vehicle-Management-System-Java-Servlet-main\apache-tomcat-9.0.93\webapps\Vehicle.war] has finished in [2,598] ms
13-Oct-2025 00:04:04.420 INFO [main] org.apache.catalina.startup.HostConfig.deployDirectory Deploying web application directory [C:\Users\sande\Downloads\Vehicle-Management-System-Java-Servlet-main (2)\Vehicle-Management-System-Java-Servlet-main\Vehicle-Management-System-Java-Servlet-main\apache-tomcat-9.0.93\webapps\docs]
13-Oct-2025 00:04:04.548 INFO [main] org.apache.jasper.servlet.TldScanner.scanJars At least one JAR was scanned for TLDs yet contained no TLDs. Enable debug logging for this logger for a complete list of JARs that were scanned but no TLDs were found in them. Skipping unneeded JARs during scanning can improve startup time and JSP compilation time.
13-Oct-2025 00:04:04.557 INFO [main] org.apache.catalina.startup.HostConfig.deployDirectory Deployment of web application directory [C:\Users\sande\Downloads\Vehicle-Management-System-Java-Servlet-main (2)\Vehicle-Management-System-Java-Servlet-main\Vehicle-Management-System-Java-Servlet-main\apache-tomcat-9.0.93\webapps\docs] has finished in [136] ms
13-Oct-2025 00:04:04.557 INFO [main] org.apache.catalina.startup.HostConfig.deployDirectory Deploying web application directory [C:\Users\sande\Downloads\Vehicle-Management-System-Java-Servlet-main (2)\Vehicle-Management-System-Java-Servlet-main\Vehicle-Management-System-Java-Servlet-main\apache-tomcat-9.0.93\webapps\examples]
13-Oct-2025 00:04:05.606 INFO [main] org.apache.jasper.servlet.TldScanner.scanJars At least one JAR was scanned for TLDs yet contained no TLDs. Enable debug logging for this logger for a complete list of JARs that were scanned but no TLDs were found in them. Skipping unneeded JARs during scanning can improve startup time and JSP compilation time.
13-Oct-2025 00:04:05.780 INFO [main] org.apache.catalina.startup.HostConfig.deployDirectory Deployment of web application directory [C:\Users\sande\Downloads\Vehicle-Management-System-Java-Servlet-main (2)\Vehicle-Management-System-Java-Servlet-main\Vehicle-Management-System-Java-Servlet-main\apache-tomcat-9.0.93\webapps\examples] has finished in [1,223] ms
13-Oct-2025 00:04:05.782 INFO [main] org.apache.catalina.startup.HostConfig.deployDirectory Deploying web application directory [C:\Users\sande\Downloads\Vehicle-Management-System-Java-Servlet-main (2)\Vehicle-Management-System-Java-Servlet-main\Vehicle-Management-System-Java-Servlet-main\apache-tomcat-9.0.93\webapps\host-manager]
13-Oct-2025 00:04:05.907 INFO [main] org.apache.jasper.servlet.TldScanner.scanJars At least one JAR was scanned for TLDs yet contained no TLDs. Enable debug logging for this logger for a complete list of JARs that were scanned but no TLDs were found in them. Skipping unneeded JARs during scanning can improve startup time and JSP compilation time.
13-Oct-2025 00:04:05.923 INFO [main] org.apache.catalina.startup.HostConfig.deployDirectory Deployment of web application directory [C:\Users\sande\Downloads\Vehicle-Management-System-Java-Servlet-main (2)\Vehicle-Management-System-Java-Servlet-main\Vehicle-Management-System-Java-Servlet-main\apache-tomcat-9.0.93\webapps\host-manager] has finished in [142] ms
13-Oct-2025 00:04:05.924 INFO [main] org.apache.catalina.startup.HostConfig.deployDirectory Deploying web application directory [C:\Users\sande\Downloads\Vehicle-Management-System-Java-Servlet-main (2)\Vehicle-Management-System-Java-Servlet-main\Vehicle-Management-System-Java-Servlet-main\apache-tomcat-9.0.93\webapps\manager]
13-Oct-2025 00:04:06.064 INFO [main] org.apache.jasper.servlet.TldScanner.scanJars At least one JAR was scanned for TLDs yet contained no TLDs. Enable debug logging for this logger for a complete list of JARs that were scanned but no TLDs were found in them. Skipping unneeded JARs during scanning can improve startup time and JSP compilation time.
13-Oct-2025 00:04:06.071 INFO [main] org.apache.catalina.startup.HostConfig.deployDirectory Deployment of web application directory [C:\Users\sande\Downloads\Vehicle-Management-System-Java-Servlet-main (2)\Vehicle-Management-System-Java-Servlet-main\Vehicle-Management-System-Java-Servlet-main\apache-tomcat-9.0.93\webapps\manager] has finished in [147] ms
13-Oct-2025 00:04:06.072 INFO [main] org.apache.catalina.startup.HostConfig.deployDirectory Deploying web application directory [C:\Users\sande\Downloads\Vehicle-Management-System-Java-Servlet-main (2)\Vehicle-Management-System-Java-Servlet-main\Vehicle-Management-System-Java-Servlet-main\apache-tomcat-9.0.93\webapps\ROOT]
13-Oct-2025 00:04:06.173 INFO [main] org.apache.jasper.servlet.TldScanner.scanJars At least one JAR was scanned for TLDs yet contained no TLDs. Enable debug logging for this logger for a complete list of JARs that were scanned but no TLDs were found in them. Skipping unneeded JARs during scanning can improve startup time and JSP compilation time.
13-Oct-2025 00:04:06.181 INFO [main] org.apache.catalina.startup.HostConfig.deployDirectory Deployment of web application directory [C:\Users\sande\Downloads\Vehicle-Management-System-Java-Servlet-main (2)\Vehicle-Management-System-Java-Servlet-main\Vehicle-Management-System-Java-Servlet-main\apache-tomcat-9.0.93\webapps\ROOT] has finished in [108] ms
13-Oct-2025 00:04:06.188 INFO [main] org.apache.coyote.AbstractProtocol.start Starting ProtocolHandler ["http-nio-8080"]
13-Oct-2025 00:04:06.282 INFO [main] org.apache.catalina.startup.Catalina.start Server startup in [4608] milliseconds
13-Oct-2025 00:12:13.044 INFO [main] org.apache.catalina.startup.VersionLoggerListener.log Server version name:   Apache Tomcat/9.0.93
13-Oct-2025 00:12:13.050 INFO [main] org.apache.catalina.startup.VersionLoggerListener.log Server built:          Aug 2 2024 21:24:59 UTC
13-Oct-2025 00:12:13.051 INFO [main] org.apache.catalina.startup.VersionLoggerListener.log Server version number: 9.0.93.0
13-Oct-2025 00:12:13.052 INFO [main] org.apache.catalina.startup.VersionLoggerListener.log OS Name:               Windows 11
13-Oct-2025 00:12:13.052 INFO [main] org.apache.catalina.startup.VersionLoggerListener.log OS Version:            10.0
13-Oct-2025 00:12:13.052 INFO [main] org.apache.catalina.startup.VersionLoggerListener.log Architecture:          amd64
13-Oct-2025 00:12:13.053 INFO [main] org.apache.catalina.startup.VersionLoggerListener.log Java Home:             C:\Program Files\Java\jdk-17
13-Oct-2025 00:12:13.053 INFO [main] org.apache.catalina.startup.VersionLoggerListener.log JVM Version:           17.0.12+8-LTS-286
13-Oct-2025 00:12:13.053 INFO [main] org.apache.catalina.startup.VersionLoggerListener.log JVM Vendor:            Oracle Corporation
13-Oct-2025 00:12:13.054 INFO [main] org.apache.catalina.startup.VersionLoggerListener.log CATALINA_BASE:         C:\Users\sande\Downloads\Vehicle-Management-System-Java-Servlet-main (2)\Vehicle-Management-System-Java-Servlet-main\Vehicle-Management-System-Java-Servlet-main\apache-tomcat-9.0.93
13-Oct-2025 00:12:13.054 INFO [main] org.apache.catalina.startup.VersionLoggerListener.log CATALINA_HOME:         C:\Users\sande\Downloads\Vehicle-Management-System-Java-Servlet-main (2)\Vehicle-Management-System-Java-Servlet-main\Vehicle-Management-System-Java-Servlet-main\apache-tomcat-9.0.93
13-Oct-2025 00:12:13.071 INFO [main] org.apache.catalina.startup.VersionLoggerListener.log Command line argument: --add-opens=java.base/java.lang=ALL-UNNAMED
13-Oct-2025 00:12:13.072 INFO [main] org.apache.catalina.startup.VersionLoggerListener.log Command line argument: --add-opens=java.base/java.io=ALL-UNNAMED
13-Oct-2025 00:12:13.072 INFO [main] org.apache.catalina.startup.VersionLoggerListener.log Command line argument: --add-opens=java.base/java.util=ALL-UNNAMED
13-Oct-2025 00:12:13.072 INFO [main] org.apache.catalina.startup.VersionLoggerListener.log Command line argument: --add-opens=java.base/java.util.concurrent=ALL-UNNAMED
13-Oct-2025 00:12:13.074 INFO [main] org.apache.catalina.startup.VersionLoggerListener.log Command line argument: --add-opens=java.rmi/sun.rmi.transport=ALL-UNNAMED
13-Oct-2025 00:12:13.074 INFO [main] org.apache.catalina.startup.VersionLoggerListener.log Command line argument: -Djava.util.logging.config.file=C:\Users\sande\Downloads\Vehicle-Management-System-Java-Servlet-main (2)\Vehicle-Management-System-Java-Servlet-main\Vehicle-Management-System-Java-Servlet-main\apache-tomcat-9.0.93\conf\logging.properties
13-Oct-2025 00:12:13.074 INFO [main] org.apache.catalina.startup.VersionLoggerListener.log Command line argument: -Djava.util.logging.manager=org.apache.juli.ClassLoaderLogManager
13-Oct-2025 00:12:13.075 INFO [main] org.apache.catalina.startup.VersionLoggerListener.log Command line argument: -Djdk.tls.ephemeralDHKeySize=2048
13-Oct-2025 00:12:13.075 INFO [main] org.apache.catalina.startup.VersionLoggerListener.log Command line argument: -Djava.protocol.handler.pkgs=org.apache.catalina.webresources
13-Oct-2025 00:12:13.075 INFO [main] org.apache.catalina.startup.VersionLoggerListener.log Command line argument: -Dignore.endorsed.dirs=
13-Oct-2025 00:12:13.076 INFO [main] org.apache.catalina.startup.VersionLoggerListener.log Command line argument: -Dcatalina.base=C:\Users\sande\Downloads\Vehicle-Management-System-Java-Servlet-main (2)\Vehicle-Management-System-Java-Servlet-main\Vehicle-Management-System-Java-Servlet-main\apache-tomcat-9.0.93
13-Oct-2025 00:12:13.076 INFO [main] org.apache.catalina.startup.VersionLoggerListener.log Command line argument: -Dcatalina.home=C:\Users\sande\Downloads\Vehicle-Management-System-Java-Servlet-main (2)\Vehicle-Management-System-Java-Servlet-main\Vehicle-Management-System-Java-Servlet-main\apache-tomcat-9.0.93
13-Oct-2025 00:12:13.076 INFO [main] org.apache.catalina.startup.VersionLoggerListener.log Command line argument: -Djava.io.tmpdir=C:\Users\sande\Downloads\Vehicle-Management-System-Java-Servlet-main (2)\Vehicle-Management-System-Java-Servlet-main\Vehicle-Management-System-Java-Servlet-main\apache-tomcat-9.0.93\temp
13-Oct-2025 00:12:13.085 INFO [main] org.apache.catalina.core.AprLifecycleListener.lifecycleEvent Loaded Apache Tomcat Native library [1.3.1] using APR version [1.7.4].
13-Oct-2025 00:12:13.085 INFO [main] org.apache.catalina.core.AprLifecycleListener.lifecycleEvent APR capabilities: IPv6 [true], sendfile [true], accept filters [false], random [true], UDS [true].
13-Oct-2025 00:12:13.085 INFO [main] org.apache.catalina.core.AprLifecycleListener.lifecycleEvent APR/OpenSSL configuration: useAprConnector [false], useOpenSSL [true]
13-Oct-2025 00:12:13.096 INFO [main] org.apache.catalina.core.AprLifecycleListener.initializeSSL OpenSSL successfully initialized [OpenSSL 3.0.14 4 Jun 2024]
13-Oct-2025 00:12:13.597 INFO [main] org.apache.coyote.AbstractProtocol.init Initializing ProtocolHandler ["http-nio-8080"]
13-Oct-2025 00:12:13.656 INFO [main] org.apache.catalina.startup.Catalina.load Server initialization in [954] milliseconds
13-Oct-2025 00:12:13.788 INFO [main] org.apache.catalina.core.StandardService.startInternal Starting service [Catalina]
13-Oct-2025 00:12:13.789 INFO [main] org.apache.catalina.core.StandardEngine.startInternal Starting Servlet engine: [Apache Tomcat/9.0.93]
13-Oct-2025 00:12:13.835 INFO [main] org.apache.catalina.startup.HostConfig.deployWAR Deploying web application archive [C:\Users\sande\Downloads\Vehicle-Management-System-Java-Servlet-main (2)\Vehicle-Management-System-Java-Servlet-main\Vehicle-Management-System-Java-Servlet-main\apache-tomcat-9.0.93\webapps\Vehicle.war]
13-Oct-2025 00:12:16.364 INFO [main] org.apache.jasper.servlet.TldScanner.scanJars At least one JAR was scanned for TLDs yet contained no TLDs. Enable debug logging for this logger for a complete list of JARs that were scanned but no TLDs were found in them. Skipping unneeded JARs during scanning can improve startup time and JSP compilation time.
13-Oct-2025 00:12:16.515 INFO [main] org.apache.catalina.startup.HostConfig.deployWAR Deployment of web application archive [C:\Users\sande\Downloads\Vehicle-Management-System-Java-Servlet-main (2)\Vehicle-Management-System-Java-Servlet-main\Vehicle-Management-System-Java-Servlet-main\apache-tomcat-9.0.93\webapps\Vehicle.war] has finished in [2,679] ms
13-Oct-2025 00:12:16.516 INFO [main] org.apache.catalina.startup.HostConfig.deployDirectory Deploying web application directory [C:\Users\sande\Downloads\Vehicle-Management-System-Java-Servlet-main (2)\Vehicle-Management-System-Java-Servlet-main\Vehicle-Management-System-Java-Servlet-main\apache-tomcat-9.0.93\webapps\docs]
13-Oct-2025 00:12:16.672 INFO [main] org.apache.jasper.servlet.TldScanner.scanJars At least one JAR was scanned for TLDs yet contained no TLDs. Enable debug logging for this logger for a complete list of JARs that were scanned but no TLDs were found in them. Skipping unneeded JARs during scanning can improve startup time and JSP compilation time.
13-Oct-2025 00:12:16.682 INFO [main] org.apache.catalina.startup.HostConfig.deployDirectory Deployment of web application directory [C:\Users\sande\Downloads\Vehicle-Management-System-Java-Servlet-main (2)\Vehicle-Management-System-Java-Servlet-main\Vehicle-Management-System-Java-Servlet-main\apache-tomcat-9.0.93\webapps\docs] has finished in [165] ms
13-Oct-2025 00:12:16.683 INFO [main] org.apache.catalina.startup.HostConfig.deployDirectory Deploying web application directory [C:\Users\sande\Downloads\Vehicle-Management-System-Java-Servlet-main (2)\Vehicle-Management-System-Java-Servlet-main\Vehicle-Management-System-Java-Servlet-main\apache-tomcat-9.0.93\webapps\examples]
13-Oct-2025 00:12:17.815 INFO [main] org.apache.jasper.servlet.TldScanner.scanJars At least one JAR was scanned for TLDs yet contained no TLDs. Enable debug logging for this logger for a complete list of JARs that were scanned but no TLDs were found in them. Skipping unneeded JARs during scanning can improve startup time and JSP compilation time.
13-Oct-2025 00:12:17.982 INFO [main] org.apache.catalina.startup.HostConfig.deployDirectory Deployment of web application directory [C:\Users\sande\Downloads\Vehicle-Management-System-Java-Servlet-main (2)\Vehicle-Management-System-Java-Servlet-main\Vehicle-Management-System-Java-Servlet-main\apache-tomcat-9.0.93\webapps\examples] has finished in [1,299] ms
13-Oct-2025 00:12:17.983 INFO [main] org.apache.catalina.startup.HostConfig.deployDirectory Deploying web application directory [C:\Users\sande\Downloads\Vehicle-Management-System-Java-Servlet-main (2)\Vehicle-Management-System-Java-Servlet-main\Vehicle-Management-System-Java-Servlet-main\apache-tomcat-9.0.93\webapps\host-manager]
13-Oct-2025 00:12:18.112 INFO [main] org.apache.jasper.servlet.TldScanner.scanJars At least one JAR was scanned for TLDs yet contained no TLDs. Enable debug logging for this logger for a complete list of JARs that were scanned but no TLDs were found in them. Skipping unneeded JARs during scanning can improve startup time and JSP compilation time.
13-Oct-2025 00:12:18.130 INFO [main] org.apache.catalina.startup.HostConfig.deployDirectory Deployment of web application directory [C:\Users\sande\Downloads\Vehicle-Management-System-Java-Servlet-main (2)\Vehicle-Management-System-Java-Servlet-main\Vehicle-Management-System-Java-Servlet-main\apache-tomcat-9.0.93\webapps\host-manager] has finished in [147] ms
13-Oct-2025 00:12:18.131 INFO [main] org.apache.catalina.startup.HostConfig.deployDirectory Deploying web application directory [C:\Users\sande\Downloads\Vehicle-Management-System-Java-Servlet-main (2)\Vehicle-Management-System-Java-Servlet-main\Vehicle-Management-System-Java-Servlet-main\apache-tomcat-9.0.93\webapps\manager]
13-Oct-2025 00:12:18.288 INFO [main] org.apache.jasper.servlet.TldScanner.scanJars At least one JAR was scanned for TLDs yet contained no TLDs. Enable debug logging for this logger for a complete list of JARs that were scanned but no TLDs were found in them. Skipping unneeded JARs during scanning can improve startup time and JSP compilation time.
13-Oct-2025 00:12:18.298 INFO [main] org.apache.catalina.startup.HostConfig.deployDirectory Deployment of web application directory [C:\Users\sande\Downloads\Vehicle-Management-System-Java-Servlet-main (2)\Vehicle-Management-System-Java-Servlet-main\Vehicle-Management-System-Java-Servlet-main\apache-tomcat-9.0.93\webapps\manager] has finished in [167] ms
13-Oct-2025 00:12:18.298 INFO [main] org.apache.catalina.startup.HostConfig.deployDirectory Deploying web application directory [C:\Users\sande\Downloads\Vehicle-Management-System-Java-Servlet-main (2)\Vehicle-Management-System-Java-Servlet-main\Vehicle-Management-System-Java-Servlet-main\apache-tomcat-9.0.93\webapps\ROOT]
13-Oct-2025 00:12:18.395 INFO [main] org.apache.jasper.servlet.TldScanner.scanJars At least one JAR was scanned for TLDs yet contained no TLDs. Enable debug logging for this logger for a complete list of JARs that were scanned but no TLDs were found in them. Skipping unneeded JARs during scanning can improve startup time and JSP compilation time.
13-Oct-2025 00:12:18.403 INFO [main] org.apache.catalina.startup.HostConfig.deployDirectory Deployment of web application directory [C:\Users\sande\Downloads\Vehicle-Management-System-Java-Servlet-main (2)\Vehicle-Management-System-Java-Servlet-main\Vehicle-Management-System-Java-Servlet-main\apache-tomcat-9.0.93\webapps\ROOT] has finished in [105] ms
13-Oct-2025 00:12:18.412 INFO [main] org.apache.coyote.AbstractProtocol.start Starting ProtocolHandler ["http-nio-8080"]
13-Oct-2025 00:12:18.509 INFO [main] org.apache.catalina.startup.Catalina.start Server startup in [4851] milliseconds
13-Oct-2025 00:18:12.646 INFO [Thread-1] org.apache.coyote.AbstractProtocol.pause Pausing ProtocolHandler ["http-nio-8080"]
13-Oct-2025 00:18:12.793 INFO [Thread-1] org.apache.catalina.core.StandardService.stopInternal Stopping service [Catalina]
13-Oct-2025 00:18:12.842 INFO [Thread-1] org.apache.coyote.AbstractProtocol.stop Stopping ProtocolHandler ["http-nio-8080"]
13-Oct-2025 00:18:12.862 INFO [Thread-1] org.apache.coyote.AbstractProtocol.destroy Destroying ProtocolHandler ["http-nio-8080"]
